app/api/tenants/[id]/switch-unit/route.ts(145,11): error TS2322: Type 'number | null' is not assignable to type 'number'.
  Type 'null' is not assignable to type 'number'.
app/api/tenants/[id]/switch-unit/route.ts(196,78): error TS18047: 'result.depositAmount' is possibly 'null'.
app/api/units/[id]/route.ts(12,9): error TS2353: Object literal may only specify known properties, and 'property' does not exist in type 'unitsInclude<DefaultArgs>'.
app/api/water-readings/route.ts(27,39): error TS2551: Property 'waterReadings' does not exist on type 'PrismaClient<PrismaClientOptions, never, DefaultArgs>'. Did you mean 'water_readings'?
app/dashboard/admin/deposits/refund/page.tsx(138,9): error TS2322: Type '{ tenant: { units: { properties: { id: string; name: string; }; id: string; propertyId: string; unitNumber: string; }; users: { email: string; firstName: string; lastName: string; }; } & { id: string; createdAt: Date; ... 6 more ...; leaseStartDate: Date; }; properties: { ...; }; id: string; propertyId: string; unit...' is not assignable to type 'Unit | null'.
  Property 'status' is missing in type '{ tenant: { units: { properties: { id: string; name: string; }; id: string; propertyId: string; unitNumber: string; }; users: { email: string; firstName: string; lastName: string; }; } & { id: string; createdAt: Date; ... 6 more ...; leaseStartDate: Date; }; properties: { id: string; name: string; }; id: string; pro...' but required in type 'Unit'.
app/dashboard/admin/expenses/page.tsx(54,23): error TS2322: Type '{ properties: { id: string; name: string; }; id: string; createdAt: Date; updatedAt: Date; description: string; propertyId: string; amount: Decimal; paymentMethod: string | null; notes: string | null; receiptUrl: string | null; category: string; date: Date; }[]' is not assignable to type 'Expense[]'.
  Type '{ properties: { id: string; name: string; }; id: string; createdAt: Date; updatedAt: Date; description: string; propertyId: string; amount: Decimal; paymentMethod: string | null; notes: string | null; receiptUrl: string | null; category: string; date: Date; }' is not assignable to type 'Expense'.
    Types of property 'amount' are incompatible.
      Type 'Decimal' is not assignable to type 'number'.
app/dashboard/admin/leases/[id]/page.tsx(149,73): error TS2339: Property 'location' does not exist on type '{ id: string; createdAt: Date; updatedAt: Date; companyId: string | null; name: string; deletedAt: Date | null; address: string; city: string; state: string | null; country: string; ... 25 more ...; waterRatePerUnit: number; }'.
app/dashboard/admin/leases/[id]/page.tsx(198,73): error TS2339: Property 'monthlyRent' does not exist on type '{ tenants: { units: { properties: { id: string; createdAt: Date; updatedAt: Date; companyId: string | null; name: string; deletedAt: Date | null; address: string; city: string; ... 27 more ...; waterRatePerUnit: number; }; } & { ...; }; users: { ...; }; } & { ...; }; } & { ...; }'.
app/dashboard/admin/leases/[id]/page.tsx(202,71): error TS2339: Property 'securityDeposit' does not exist on type '{ tenants: { units: { properties: { id: string; createdAt: Date; updatedAt: Date; companyId: string | null; name: string; deletedAt: Date | null; address: string; city: string; ... 27 more ...; waterRatePerUnit: number; }; } & { ...; }; users: { ...; }; } & { ...; }; } & { ...; }'.
app/dashboard/admin/leases/[id]/page.tsx(206,60): error TS2339: Property 'paymentDueDay' does not exist on type '{ tenants: { units: { properties: { id: string; createdAt: Date; updatedAt: Date; companyId: string | null; name: string; deletedAt: Date | null; address: string; city: string; ... 27 more ...; waterRatePerUnit: number; }; } & { ...; }; users: { ...; }; } & { ...; }; } & { ...; }'.
app/dashboard/admin/leases/[id]/page.tsx(210,60): error TS2339: Property 'lateFeeGraceDays' does not exist on type '{ tenants: { units: { properties: { id: string; createdAt: Date; updatedAt: Date; companyId: string | null; name: string; deletedAt: Date | null; address: string; city: string; ... 27 more ...; waterRatePerUnit: number; }; } & { ...; }; users: { ...; }; } & { ...; }; } & { ...; }'.
app/dashboard/admin/leases/[id]/page.tsx(212,18): error TS2339: Property 'lateFeeAmount' does not exist on type '{ tenants: { units: { properties: { id: string; createdAt: Date; updatedAt: Date; companyId: string | null; name: string; deletedAt: Date | null; address: string; city: string; ... 27 more ...; waterRatePerUnit: number; }; } & { ...; }; users: { ...; }; } & { ...; }; } & { ...; }'.
app/dashboard/admin/leases/[id]/page.tsx(215,71): error TS2339: Property 'lateFeeAmount' does not exist on type '{ tenants: { units: { properties: { id: string; createdAt: Date; updatedAt: Date; companyId: string | null; name: string; deletedAt: Date | null; address: string; city: string; ... 27 more ...; waterRatePerUnit: number; }; } & { ...; }; users: { ...; }; } & { ...; }; } & { ...; }'.
app/dashboard/admin/leases/page.tsx(53,29): error TS2551: Property 'contractSignedBy' does not exist on type '{ tenants: { users: { email: string; firstName: string; lastName: string; }; } & { id: string; createdAt: Date; updatedAt: Date; rentAmount: number; depositAmount: number; userId: string; unitId: string; leaseEndDate: Date; leaseStartDate: Date; }; units: { ...; } & { ...; }; } & { ...; }'. Did you mean 'contractSignedAt'?
app/dashboard/admin/leases/page.tsx(95,21): error TS2322: Type '{ id: string; tenantId: string; unitId: string; status: LeaseStatus; startDate: Date; endDate: Date; updatedAt: Date; rentAmount: number; depositAmount: number; ... 8 more ...; unit: { ...; }; }[]' is not assignable to type 'Lease[]'.
  Type '{ id: string; tenantId: string; unitId: string; status: $Enums.LeaseStatus; startDate: Date; endDate: Date; updatedAt: Date; rentAmount: number; depositAmount: number; ... 8 more ...; unit: { ...; }; }' is not assignable to type 'Lease'.
    Types of property 'terms' are incompatible.
      Type 'string | null' is not assignable to type 'string | undefined'.
        Type 'null' is not assignable to type 'string | undefined'.
app/dashboard/admin/maintenance/[id]/edit/page.tsx(18,7): error TS2561: Object literal may only specify known properties, but 'unit' does not exist in type 'maintenance_requestsInclude<DefaultArgs>'. Did you mean to write 'units'?
app/dashboard/admin/maintenance/[id]/page.tsx(30,7): error TS2561: Object literal may only specify known properties, but 'unit' does not exist in type 'maintenance_requestsInclude<DefaultArgs>'. Did you mean to write 'units'?
app/dashboard/admin/maintenance/[id]/page.tsx(173,60): error TS2339: Property 'unit' does not exist on type '{ status: MaintenanceStatus; id: string; createdAt: Date; updatedAt: Date; description: string; createdById: string; unitId: string; priority: Priority; ... 7 more ...; completedAt: Date | null; }'.
app/dashboard/admin/maintenance/[id]/page.tsx(176,30): error TS2339: Property 'unit' does not exist on type '{ status: MaintenanceStatus; id: string; createdAt: Date; updatedAt: Date; description: string; createdById: string; unitId: string; priority: Priority; ... 7 more ...; completedAt: Date | null; }'.
app/dashboard/admin/maintenance/[id]/page.tsx(182,71): error TS2339: Property 'unit' does not exist on type '{ status: MaintenanceStatus; id: string; createdAt: Date; updatedAt: Date; description: string; createdById: string; unitId: string; priority: Priority; ... 7 more ...; completedAt: Date | null; }'.
app/dashboard/admin/maintenance/[id]/page.tsx(185,26): error TS2339: Property 'unit' does not exist on type '{ status: MaintenanceStatus; id: string; createdAt: Date; updatedAt: Date; description: string; createdById: string; unitId: string; priority: Priority; ... 7 more ...; completedAt: Date | null; }'.
app/dashboard/admin/maintenance/[id]/page.tsx(189,65): error TS2339: Property 'unit' does not exist on type '{ status: MaintenanceStatus; id: string; createdAt: Date; updatedAt: Date; description: string; createdById: string; unitId: string; priority: Priority; ... 7 more ...; completedAt: Date | null; }'.
app/dashboard/admin/maintenance/[id]/page.tsx(192,32): error TS2339: Property 'unit' does not exist on type '{ status: MaintenanceStatus; id: string; createdAt: Date; updatedAt: Date; description: string; createdById: string; unitId: string; priority: Priority; ... 7 more ...; completedAt: Date | null; }'.
app/dashboard/admin/maintenance/[id]/page.tsx(192,69): error TS2339: Property 'unit' does not exist on type '{ status: MaintenanceStatus; id: string; createdAt: Date; updatedAt: Date; description: string; createdById: string; unitId: string; priority: Priority; ... 7 more ...; completedAt: Date | null; }'.
app/dashboard/admin/maintenance/[id]/page.tsx(195,32): error TS2339: Property 'unit' does not exist on type '{ status: MaintenanceStatus; id: string; createdAt: Date; updatedAt: Date; description: string; createdById: string; unitId: string; priority: Priority; ... 7 more ...; completedAt: Date | null; }'.
app/dashboard/admin/maintenance/[id]/page.tsx(197,30): error TS2339: Property 'unit' does not exist on type '{ status: MaintenanceStatus; id: string; createdAt: Date; updatedAt: Date; description: string; createdById: string; unitId: string; priority: Priority; ... 7 more ...; completedAt: Date | null; }'.
app/dashboard/admin/maintenance/[id]/page.tsx(199,34): error TS2339: Property 'unit' does not exist on type '{ status: MaintenanceStatus; id: string; createdAt: Date; updatedAt: Date; description: string; createdById: string; unitId: string; priority: Priority; ... 7 more ...; completedAt: Date | null; }'.
app/dashboard/admin/maintenance/[id]/page.tsx(228,24): error TS2551: Property 'assignedTo' does not exist on type '{ status: MaintenanceStatus; id: string; createdAt: Date; updatedAt: Date; description: string; createdById: string; unitId: string; priority: Priority; ... 7 more ...; completedAt: Date | null; }'. Did you mean 'assignedToId'?
app/dashboard/admin/maintenance/[id]/page.tsx(231,30): error TS2551: Property 'assignedTo' does not exist on type '{ status: MaintenanceStatus; id: string; createdAt: Date; updatedAt: Date; description: string; createdById: string; unitId: string; priority: Priority; ... 7 more ...; completedAt: Date | null; }'. Did you mean 'assignedToId'?
app/dashboard/admin/maintenance/[id]/page.tsx(231,61): error TS2551: Property 'assignedTo' does not exist on type '{ status: MaintenanceStatus; id: string; createdAt: Date; updatedAt: Date; description: string; createdById: string; unitId: string; priority: Priority; ... 7 more ...; completedAt: Date | null; }'. Did you mean 'assignedToId'?
app/dashboard/admin/maintenance/[id]/page.tsx(233,70): error TS2551: Property 'assignedTo' does not exist on type '{ status: MaintenanceStatus; id: string; createdAt: Date; updatedAt: Date; description: string; createdById: string; unitId: string; priority: Priority; ... 7 more ...; completedAt: Date | null; }'. Did you mean 'assignedToId'?
app/dashboard/admin/maintenance/[id]/page.tsx(234,28): error TS2551: Property 'assignedTo' does not exist on type '{ status: MaintenanceStatus; id: string; createdAt: Date; updatedAt: Date; description: string; createdById: string; unitId: string; priority: Priority; ... 7 more ...; completedAt: Date | null; }'. Did you mean 'assignedToId'?
app/dashboard/admin/maintenance/[id]/page.tsx(235,72): error TS2551: Property 'assignedTo' does not exist on type '{ status: MaintenanceStatus; id: string; createdAt: Date; updatedAt: Date; description: string; createdById: string; unitId: string; priority: Priority; ... 7 more ...; completedAt: Date | null; }'. Did you mean 'assignedToId'?
app/dashboard/admin/maintenance/[id]/page.tsx(237,28): error TS2551: Property 'assignedTo' does not exist on type '{ status: MaintenanceStatus; id: string; createdAt: Date; updatedAt: Date; description: string; createdById: string; unitId: string; priority: Priority; ... 7 more ...; completedAt: Date | null; }'. Did you mean 'assignedToId'?
app/dashboard/admin/maintenance/[id]/page.tsx(238,67): error TS2551: Property 'assignedTo' does not exist on type '{ status: MaintenanceStatus; id: string; createdAt: Date; updatedAt: Date; description: string; createdById: string; unitId: string; priority: Priority; ... 7 more ...; completedAt: Date | null; }'. Did you mean 'assignedToId'?
app/dashboard/admin/maintenance/[id]/page.tsx(261,33): error TS2551: Property 'createdBy' does not exist on type '{ status: MaintenanceStatus; id: string; createdAt: Date; updatedAt: Date; description: string; createdById: string; unitId: string; priority: Priority; ... 7 more ...; completedAt: Date | null; }'. Did you mean 'createdById'?
app/dashboard/admin/maintenance/[id]/page.tsx(261,63): error TS2551: Property 'createdBy' does not exist on type '{ status: MaintenanceStatus; id: string; createdAt: Date; updatedAt: Date; description: string; createdById: string; unitId: string; priority: Priority; ... 7 more ...; completedAt: Date | null; }'. Did you mean 'createdById'?
app/dashboard/admin/maintenance/page.tsx(39,47): error TS2367: This comparison appears to be unintentional because the types 'MaintenanceStatus' and '"OPEN"' have no overlap.
app/dashboard/admin/maintenance/page.tsx(69,28): error TS2322: Type '({ units: { properties: { id: string; name: string; }; unitNumber: string; }; users_maintenance_requests_assignedToIdTousers: { firstName: string; lastName: string; role: Role; } | null; users_maintenance_requests_createdByIdTousers: { ...; }; } & { ...; })[]' is not assignable to type 'MaintenanceRequest[]'.
  Type '{ units: { properties: { id: string; name: string; }; unitNumber: string; }; users_maintenance_requests_assignedToIdTousers: { firstName: string; lastName: string; role: Role; } | null; users_maintenance_requests_createdByIdTousers: { ...; }; } & { ...; }' is not assignable to type 'MaintenanceRequest'.
    Types of property 'category' are incompatible.
      Type 'string | null' is not assignable to type 'string'.
        Type 'null' is not assignable to type 'string'.
app/dashboard/admin/recurring-charges/page.tsx(241,27): error TS2551: Property 'propertyIds' does not exist on type 'RecurringCharge'. Did you mean 'property'?
app/dashboard/admin/recurring-charges/page.tsx(396,31): error TS2551: Property 'properties' does not exist on type 'RecurringCharge'. Did you mean 'property'?
app/dashboard/admin/recurring-charges/page.tsx(397,34): error TS2551: Property 'properties' does not exist on type 'RecurringCharge'. Did you mean 'property'?
app/dashboard/admin/recurring-charges/page.tsx(398,37): error TS2551: Property 'properties' does not exist on type 'RecurringCharge'. Did you mean 'property'?
app/dashboard/admin/recurring-charges/page.tsx(847,36): error TS2551: Property 'properties' does not exist on type 'RecurringCharge'. Did you mean 'property'?
app/dashboard/admin/recurring-charges/page.tsx(848,37): error TS2551: Property 'properties' does not exist on type 'RecurringCharge'. Did you mean 'property'?
app/dashboard/admin/recurring-charges/page.tsx(851,40): error TS2551: Property 'properties' does not exist on type 'RecurringCharge'. Did you mean 'property'?
app/dashboard/admin/recurring-charges/page.tsx(851,56): error TS7006: Parameter 'prop' implicitly has an 'any' type.
app/dashboard/admin/tenants/[id]/page.tsx(302,19): error TS2367: This comparison appears to be unintentional because the types '"REFUNDED" | "ASSESSED" | "FORFEITED"' and '"RETURNED"' have no overlap.
app/dashboard/admin/tenants/[id]/page.tsx(323,69): error TS2339: Property 'description' does not exist on type '{ status: AssessmentStatus; id: string; createdAt: Date; updatedAt: Date; tenantId: string; notes: string | null; assessmentDate: Date; assessedById: string; overallCondition: string | null; totalDamageCost: number; }'.
app/dashboard/admin/tenants/[id]/page.tsx(326,80): error TS2339: Property 'estimatedCost' does not exist on type '{ status: AssessmentStatus; id: string; createdAt: Date; updatedAt: Date; tenantId: string; notes: string | null; assessmentDate: Date; assessedById: string; overallCondition: string | null; totalDamageCost: number; }'.
app/dashboard/admin/tenants/page.tsx(82,22): error TS2322: Type '({ lease_agreements: { status: LeaseStatus; id: string; rentAmount: number; depositAmount: number; startDate: Date; endDate: Date; }[]; units: { status: UnitStatus; properties: { ...; }; unitNumber: string; }; users: { ...; }; vacate_notices: { ...; }[]; } & { ...; })[]' is not assignable to type 'Tenant[]'.
  Type '{ lease_agreements: { status: LeaseStatus; id: string; rentAmount: number; depositAmount: number; startDate: Date; endDate: Date; }[]; units: { status: UnitStatus; properties: { ...; }; unitNumber: string; }; users: { ...; }; vacate_notices: { ...; }[]; } & { ...; }' is not assignable to type 'Tenant'.
    The types of 'users.phoneNumber' are incompatible between these types.
      Type 'string | null' is not assignable to type 'string'.
        Type 'null' is not assignable to type 'string'.
app/dashboard/admin/utilities/page.tsx(307,32): error TS2339: Property 'createdAt' does not exist on type '{ firstName: string; lastName: string; email: string; }'.
app/dashboard/inventory/[id]/edit/page.tsx(23,31): error TS2739: Type '{ id: string; createdAt: Date; updatedAt: Date; name: string; deletedAt: Date | null; description: string | null; createdById: string; notes: string | null; category: string; ... 8 more ...; supplierContact: string | null; }' is missing the following properties from type 'InventoryItem': unit, reorderLevel, propertyId
app/dashboard/inventory/[id]/page.tsx(20,23): error TS2339: Property 'propertyId' does not exist on type '{ id: string; createdAt: Date; updatedAt: Date; name: string; deletedAt: Date | null; description: string | null; createdById: string; notes: string | null; category: string; ... 8 more ...; supplierContact: string | null; }'.
app/dashboard/inventory/[id]/page.tsx(24,44): error TS2339: Property 'reorderLevel' does not exist on type '{ id: string; createdAt: Date; updatedAt: Date; name: string; deletedAt: Date | null; description: string | null; createdById: string; notes: string | null; category: string; ... 8 more ...; supplierContact: string | null; }'.
app/dashboard/inventory/[id]/page.tsx(26,38): error TS2363: The right-hand side of an arithmetic operation must be of type 'any', 'number', 'bigint' or an enum type.
app/dashboard/inventory/[id]/page.tsx(70,51): error TS2339: Property 'reorderLevel' does not exist on type '{ id: string; createdAt: Date; updatedAt: Date; name: string; deletedAt: Date | null; description: string | null; createdById: string; notes: string | null; category: string; ... 8 more ...; supplierContact: string | null; }'.
app/dashboard/inventory/[id]/page.tsx(70,71): error TS2339: Property 'unit' does not exist on type '{ id: string; createdAt: Date; updatedAt: Date; name: string; deletedAt: Date | null; description: string | null; createdById: string; notes: string | null; category: string; ... 8 more ...; supplierContact: string | null; }'.
app/dashboard/inventory/[id]/page.tsx(84,35): error TS2339: Property 'unit' does not exist on type '{ id: string; createdAt: Date; updatedAt: Date; name: string; deletedAt: Date | null; description: string | null; createdById: string; notes: string | null; category: string; ... 8 more ...; supplierContact: string | null; }'.
app/dashboard/inventory/[id]/page.tsx(95,51): error TS2322: Type 'Decimal' is not assignable to type 'ReactNode'.
app/dashboard/inventory/[id]/page.tsx(104,19): error TS2339: Property 'reorderLevel' does not exist on type '{ id: string; createdAt: Date; updatedAt: Date; name: string; deletedAt: Date | null; description: string | null; createdById: string; notes: string | null; category: string; ... 8 more ...; supplierContact: string | null; }'.
app/dashboard/inventory/[id]/page.tsx(104,39): error TS2339: Property 'unit' does not exist on type '{ id: string; createdAt: Date; updatedAt: Date; name: string; deletedAt: Date | null; description: string | null; createdById: string; notes: string | null; category: string; ... 8 more ...; supplierContact: string | null; }'.
app/dashboard/inventory/[id]/page.tsx(120,57): error TS2339: Property 'unit' does not exist on type '{ id: string; createdAt: Date; updatedAt: Date; name: string; deletedAt: Date | null; description: string | null; createdById: string; notes: string | null; category: string; ... 8 more ...; supplierContact: string | null; }'.
app/dashboard/inventory/page.tsx(27,27): error TS2339: Property 'propertyId' does not exist on type '{ id: string; createdAt: Date; updatedAt: Date; name: string; deletedAt: Date | null; description: string | null; createdById: string; notes: string | null; category: string; ... 8 more ...; supplierContact: string | null; }'.
app/dashboard/inventory/page.tsx(32,44): error TS2339: Property 'propertyId' does not exist on type '{ id: string; createdAt: Date; updatedAt: Date; name: string; deletedAt: Date | null; description: string | null; createdById: string; notes: string | null; category: string; ... 8 more ...; supplierContact: string | null; }'.
app/dashboard/inventory/page.tsx(39,87): error TS2363: The right-hand side of an arithmetic operation must be of type 'any', 'number', 'bigint' or an enum type.
app/dashboard/inventory/page.tsx(40,82): error TS2339: Property 'reorderLevel' does not exist on type '{ properties: { id: any; name: string; }; id: string; createdAt: Date; updatedAt: Date; name: string; deletedAt: Date | null; description: string | null; createdById: string; ... 10 more ...; supplierContact: string | null; }'.
app/dashboard/inventory/page.tsx(67,24): error TS2322: Type '{ properties: { id: any; name: string; }; id: string; createdAt: Date; updatedAt: Date; name: string; deletedAt: Date | null; description: string | null; createdById: string; ... 10 more ...; supplierContact: string | null; }[]' is not assignable to type 'InventoryItem[]'.
  Type '{ properties: { id: any; name: string; }; id: string; createdAt: Date; updatedAt: Date; name: string; deletedAt: Date | null; description: string | null; createdById: string; ... 10 more ...; supplierContact: string | null; }' is missing the following properties from type 'InventoryItem': unit, reorderLevel, propertyId
app/dashboard/maintenance/[id]/edit/page.tsx(18,7): error TS2561: Object literal may only specify known properties, but 'unit' does not exist in type 'maintenance_requestsInclude<DefaultArgs>'. Did you mean to write 'units'?
app/dashboard/maintenance/[id]/page.tsx(30,7): error TS2561: Object literal may only specify known properties, but 'unit' does not exist in type 'maintenance_requestsInclude<DefaultArgs>'. Did you mean to write 'units'?
app/dashboard/maintenance/[id]/page.tsx(173,60): error TS2339: Property 'unit' does not exist on type '{ status: MaintenanceStatus; id: string; createdAt: Date; updatedAt: Date; description: string; createdById: string; unitId: string; priority: Priority; ... 7 more ...; completedAt: Date | null; }'.
app/dashboard/maintenance/[id]/page.tsx(176,30): error TS2339: Property 'unit' does not exist on type '{ status: MaintenanceStatus; id: string; createdAt: Date; updatedAt: Date; description: string; createdById: string; unitId: string; priority: Priority; ... 7 more ...; completedAt: Date | null; }'.
app/dashboard/maintenance/[id]/page.tsx(182,71): error TS2339: Property 'unit' does not exist on type '{ status: MaintenanceStatus; id: string; createdAt: Date; updatedAt: Date; description: string; createdById: string; unitId: string; priority: Priority; ... 7 more ...; completedAt: Date | null; }'.
app/dashboard/maintenance/[id]/page.tsx(185,26): error TS2339: Property 'unit' does not exist on type '{ status: MaintenanceStatus; id: string; createdAt: Date; updatedAt: Date; description: string; createdById: string; unitId: string; priority: Priority; ... 7 more ...; completedAt: Date | null; }'.
app/dashboard/maintenance/[id]/page.tsx(189,65): error TS2339: Property 'unit' does not exist on type '{ status: MaintenanceStatus; id: string; createdAt: Date; updatedAt: Date; description: string; createdById: string; unitId: string; priority: Priority; ... 7 more ...; completedAt: Date | null; }'.
app/dashboard/maintenance/[id]/page.tsx(192,32): error TS2339: Property 'unit' does not exist on type '{ status: MaintenanceStatus; id: string; createdAt: Date; updatedAt: Date; description: string; createdById: string; unitId: string; priority: Priority; ... 7 more ...; completedAt: Date | null; }'.
app/dashboard/maintenance/[id]/page.tsx(192,69): error TS2339: Property 'unit' does not exist on type '{ status: MaintenanceStatus; id: string; createdAt: Date; updatedAt: Date; description: string; createdById: string; unitId: string; priority: Priority; ... 7 more ...; completedAt: Date | null; }'.
app/dashboard/maintenance/[id]/page.tsx(195,32): error TS2339: Property 'unit' does not exist on type '{ status: MaintenanceStatus; id: string; createdAt: Date; updatedAt: Date; description: string; createdById: string; unitId: string; priority: Priority; ... 7 more ...; completedAt: Date | null; }'.
app/dashboard/maintenance/[id]/page.tsx(197,30): error TS2339: Property 'unit' does not exist on type '{ status: MaintenanceStatus; id: string; createdAt: Date; updatedAt: Date; description: string; createdById: string; unitId: string; priority: Priority; ... 7 more ...; completedAt: Date | null; }'.
app/dashboard/maintenance/[id]/page.tsx(199,34): error TS2339: Property 'unit' does not exist on type '{ status: MaintenanceStatus; id: string; createdAt: Date; updatedAt: Date; description: string; createdById: string; unitId: string; priority: Priority; ... 7 more ...; completedAt: Date | null; }'.
app/dashboard/maintenance/[id]/page.tsx(228,24): error TS2551: Property 'assignedTo' does not exist on type '{ status: MaintenanceStatus; id: string; createdAt: Date; updatedAt: Date; description: string; createdById: string; unitId: string; priority: Priority; ... 7 more ...; completedAt: Date | null; }'. Did you mean 'assignedToId'?
app/dashboard/maintenance/[id]/page.tsx(231,30): error TS2551: Property 'assignedTo' does not exist on type '{ status: MaintenanceStatus; id: string; createdAt: Date; updatedAt: Date; description: string; createdById: string; unitId: string; priority: Priority; ... 7 more ...; completedAt: Date | null; }'. Did you mean 'assignedToId'?
app/dashboard/maintenance/[id]/page.tsx(231,61): error TS2551: Property 'assignedTo' does not exist on type '{ status: MaintenanceStatus; id: string; createdAt: Date; updatedAt: Date; description: string; createdById: string; unitId: string; priority: Priority; ... 7 more ...; completedAt: Date | null; }'. Did you mean 'assignedToId'?
app/dashboard/maintenance/[id]/page.tsx(233,70): error TS2551: Property 'assignedTo' does not exist on type '{ status: MaintenanceStatus; id: string; createdAt: Date; updatedAt: Date; description: string; createdById: string; unitId: string; priority: Priority; ... 7 more ...; completedAt: Date | null; }'. Did you mean 'assignedToId'?
app/dashboard/maintenance/[id]/page.tsx(234,28): error TS2551: Property 'assignedTo' does not exist on type '{ status: MaintenanceStatus; id: string; createdAt: Date; updatedAt: Date; description: string; createdById: string; unitId: string; priority: Priority; ... 7 more ...; completedAt: Date | null; }'. Did you mean 'assignedToId'?
app/dashboard/maintenance/[id]/page.tsx(235,72): error TS2551: Property 'assignedTo' does not exist on type '{ status: MaintenanceStatus; id: string; createdAt: Date; updatedAt: Date; description: string; createdById: string; unitId: string; priority: Priority; ... 7 more ...; completedAt: Date | null; }'. Did you mean 'assignedToId'?
app/dashboard/maintenance/[id]/page.tsx(237,28): error TS2551: Property 'assignedTo' does not exist on type '{ status: MaintenanceStatus; id: string; createdAt: Date; updatedAt: Date; description: string; createdById: string; unitId: string; priority: Priority; ... 7 more ...; completedAt: Date | null; }'. Did you mean 'assignedToId'?
app/dashboard/maintenance/[id]/page.tsx(238,67): error TS2551: Property 'assignedTo' does not exist on type '{ status: MaintenanceStatus; id: string; createdAt: Date; updatedAt: Date; description: string; createdById: string; unitId: string; priority: Priority; ... 7 more ...; completedAt: Date | null; }'. Did you mean 'assignedToId'?
app/dashboard/maintenance/[id]/page.tsx(261,33): error TS2551: Property 'createdBy' does not exist on type '{ status: MaintenanceStatus; id: string; createdAt: Date; updatedAt: Date; description: string; createdById: string; unitId: string; priority: Priority; ... 7 more ...; completedAt: Date | null; }'. Did you mean 'createdById'?
app/dashboard/maintenance/[id]/page.tsx(261,63): error TS2551: Property 'createdBy' does not exist on type '{ status: MaintenanceStatus; id: string; createdAt: Date; updatedAt: Date; description: string; createdById: string; unitId: string; priority: Priority; ... 7 more ...; completedAt: Date | null; }'. Did you mean 'createdById'?
app/dashboard/maintenance/page.tsx(59,47): error TS2367: This comparison appears to be unintentional because the types 'MaintenanceStatus' and '"OPEN"' have no overlap.
app/dashboard/maintenance/page.tsx(92,28): error TS2322: Type '({ units: { properties: { id: string; name: string; }; unitNumber: string; }; users_maintenance_requests_assignedToIdTousers: { firstName: string; lastName: string; role: Role; } | null; users_maintenance_requests_createdByIdTousers: { ...; }; } & { ...; })[]' is not assignable to type 'MaintenanceRequest[]'.
  Type '{ units: { properties: { id: string; name: string; }; unitNumber: string; }; users_maintenance_requests_assignedToIdTousers: { firstName: string; lastName: string; role: Role; } | null; users_maintenance_requests_createdByIdTousers: { ...; }; } & { ...; }' is not assignable to type 'MaintenanceRequest'.
    Types of property 'category' are incompatible.
      Type 'string | null' is not assignable to type 'string'.
        Type 'null' is not assignable to type 'string'.
app/dashboard/properties/[id]/PropertyDetailsClient.tsx(258,9): error TS2322: Type '{ onFilterChange: Dispatch<SetStateAction<FilterState>>; totalUnits: number; filteredCount: number; }' is not assignable to type 'IntrinsicAttributes & UnitsFilterProps'.
  Property 'onFilterChange' does not exist on type 'IntrinsicAttributes & UnitsFilterProps'.
app/dashboard/properties/[id]/units/[unitId]/page.tsx(99,7): error TS7034: Variable 'currentTenant' implicitly has type 'any' in some locations where its type cannot be determined.
app/dashboard/properties/[id]/units/[unitId]/page.tsx(120,11): error TS7005: Variable 'currentTenant' implicitly has an 'any' type.
app/dashboard/purchase-orders/new/page.tsx(25,58): error TS2322: Type '{ id: string; name: string; unitOfMeasure: string; unitCost: Decimal; }[]' is not assignable to type 'InventoryItem[]'.
  Type '{ id: string; name: string; unitOfMeasure: string; unitCost: Decimal; }' is not assignable to type 'InventoryItem'.
    Types of property 'unitCost' are incompatible.
      Type 'Decimal' is not assignable to type 'number'.
app/dashboard/purchase-orders/page.tsx(41,62): error TS2365: Operator '+' cannot be applied to types 'number' and 'Decimal'.
app/dashboard/purchase-orders/page.tsx(68,29): error TS2322: Type '{ properties: { id: string; name: string; }; status: string; id: string; createdAt: Date; updatedAt: Date; propertyId: string; notes: string | null; supplier: string; orderNumber: string; orderDate: Date; expectedDelivery: Date | null; receivedDate: Date | null; totalAmount: Decimal; }[]' is not assignable to type 'PurchaseOrder[]'.
  Type '{ properties: { id: string; name: string; }; status: string; id: string; createdAt: Date; updatedAt: Date; propertyId: string; notes: string | null; supplier: string; orderNumber: string; orderDate: Date; expectedDelivery: Date | null; receivedDate: Date | null; totalAmount: Decimal; }' is not assignable to type 'PurchaseOrder'.
    Types of property 'totalAmount' are incompatible.
      Type 'Decimal' is not assignable to type 'number'.
app/dashboard/tenant/maintenance/new/page.tsx(9,31): error TS2551: Property 'tenant' does not exist on type 'PrismaClient<PrismaClientOptions, never, DefaultArgs>'. Did you mean 'tenants'?
app/dashboard/tenant/maintenance/new/page.tsx(25,38): error TS18047: 'user' is possibly 'null'.
app/dashboard/tenant/maintenance/new/page.tsx(52,9): error TS2322: Type '{ userRole: string; userUnitId: any; }' is not assignable to type 'IntrinsicAttributes & MaintenanceFormProps'.
  Property 'userRole' does not exist on type 'IntrinsicAttributes & MaintenanceFormProps'.
app/dashboard/tenant/payments/page.tsx(235,82): error TS2339: Property 'rent' does not exist on type 'Bill'.
app/dashboard/tenant/payments/page.tsx(239,82): error TS2339: Property 'water' does not exist on type 'Bill'.
app/dashboard/tenant/payments/page.tsx(243,82): error TS2339: Property 'garbage' does not exist on type 'Bill'.
app/dashboard/tenant/payments/page.tsx(247,86): error TS2339: Property 'total' does not exist on type 'Bill'.
app/dashboard/units/[id]/edit/page.tsx(15,29): error TS2551: Property 'unit' does not exist on type 'PrismaClient<PrismaClientOptions, never, DefaultArgs>'. Did you mean 'units'?
app/dashboard/units/new/page.tsx(32,17): error TS2322: Type '{ propertyIdFromUrl: string | undefined; }' is not assignable to type 'IntrinsicAttributes & UnitFormProps'.
  Property 'propertyIdFromUrl' does not exist on type 'IntrinsicAttributes & UnitFormProps'.
components/dashboard/dashboard-charts.tsx(84,60): error TS18048: 'percent' is possibly 'undefined'.
components/dashboard/dashboard-layout.tsx(3,10): error TS2305: Module '"@prisma/client"' has no exported member 'UserRole'.
components/dashboard/sidebar.tsx(23,10): error TS2305: Module '"@prisma/client"' has no exported member 'UserRole'.
components/leases/lease-form.tsx(86,5): error TS2322: Type 'Resolver<{ propertyId: string; unitId: string; tenantId: string; startDate: string; endDate: string; monthlyRent: string; status?: "DRAFT" | "ACTIVE" | undefined; terms?: string | undefined; securityDeposit?: string | undefined; }, any, { ...; }>' is not assignable to type 'Resolver<{ status: "DRAFT" | "ACTIVE"; propertyId: string; unitId: string; tenantId: string; startDate: string; endDate: string; monthlyRent: string; terms?: string | undefined; securityDeposit?: string | undefined; }, any, { ...; }>'.
  Types of parameters 'options' and 'options' are incompatible.
    Type 'ResolverOptions<{ status: "DRAFT" | "ACTIVE"; propertyId: string; unitId: string; tenantId: string; startDate: string; endDate: string; monthlyRent: string; terms?: string | undefined; securityDeposit?: string | undefined; }>' is not assignable to type 'ResolverOptions<{ propertyId: string; unitId: string; tenantId: string; startDate: string; endDate: string; monthlyRent: string; status?: "DRAFT" | "ACTIVE" | undefined; terms?: string | undefined; securityDeposit?: string | undefined; }>'.
      Type '"DRAFT" | "ACTIVE" | undefined' is not assignable to type '"DRAFT" | "ACTIVE"'.
        Type 'undefined' is not assignable to type '"DRAFT" | "ACTIVE"'.
components/leases/lease-form.tsx(402,34): error TS2345: Argument of type '(data: FormData) => Promise<void>' is not assignable to parameter of type 'SubmitHandler<TFieldValues>'.
  Types of parameters 'data' and 'data' are incompatible.
    Type 'TFieldValues' is not assignable to type '{ status: "DRAFT" | "ACTIVE"; propertyId: string; unitId: string; tenantId: string; startDate: string; endDate: string; monthlyRent: string; terms?: string | undefined; securityDeposit?: string | undefined; }'.
      Type 'FieldValues' is missing the following properties from type '{ status: "DRAFT" | "ACTIVE"; propertyId: string; unitId: string; tenantId: string; startDate: string; endDate: string; monthlyRent: string; terms?: string | undefined; securityDeposit?: string | undefined; }': status, propertyId, unitId, tenantId, and 3 more.
components/ui/toast.tsx(4,34): error TS2307: Cannot find module '@radix-ui/react-toast' or its corresponding type declarations.
components/ui/toaster.tsx(3,26): error TS2307: Cannot find module '@/components/hooks/use-toast' or its corresponding type declarations.
components/ui/toaster.tsx(18,31): error TS7031: Binding element 'id' implicitly has an 'any' type.
components/ui/toaster.tsx(18,35): error TS7031: Binding element 'title' implicitly has an 'any' type.
components/ui/toaster.tsx(18,42): error TS7031: Binding element 'description' implicitly has an 'any' type.
components/ui/toaster.tsx(18,55): error TS7031: Binding element 'action' implicitly has an 'any' type.
components/units/unit-form.tsx(333,42): error TS2345: Argument of type 'string | undefined' is not assignable to parameter of type 'string'.
  Type 'undefined' is not assignable to type 'string'.
hooks/use-toast.ts(161,22): error TS7006: Parameter 'open' implicitly has an 'any' type.
lib/auth-helpers.ts(48,23): error TS18047: 'user' is possibly 'null'.
lib/auth.ts(6,10): error TS2305: Module '"@prisma/client"' has no exported member 'UserRole'.
lib/auth.ts(22,35): error TS2551: Property 'user' does not exist on type 'PrismaClient<PrismaClientOptions, never, DefaultArgs>'. Did you mean 'users'?
lib/auth.ts(46,22): error TS2551: Property 'user' does not exist on type 'PrismaClient<PrismaClientOptions, never, DefaultArgs>'. Did you mean 'users'?
lib/scheduler.ts(3,14): error TS2503: Cannot find namespace 'cron'.
lib/validators.ts(23,11): error TS2353: Object literal may only specify known properties, and 'leases' does not exist in type 'tenantsInclude<DefaultArgs>'.
lib/validators.ts(41,31): error TS2339: Property 'tenants' does not exist on type '{ status: UnitStatus; id: string; createdAt: Date; updatedAt: Date; deletedAt: Date | null; type: UnitType; propertyId: string; unitNumber: string; ... 6 more ...; features: string | null; }'.
lib/validators.ts(41,44): error TS7006: Parameter 't' implicitly has an 'any' type.
lib/validators.ts(59,11): error TS2353: Object literal may only specify known properties, and 'leases' does not exist in type 'tenantsInclude<DefaultArgs>'.
lib/validators.ts(76,31): error TS2339: Property 'tenants' does not exist on type '{ status: UnitStatus; id: string; createdAt: Date; updatedAt: Date; deletedAt: Date | null; type: UnitType; propertyId: string; unitNumber: string; ... 6 more ...; features: string | null; }'.
lib/validators.ts(76,44): error TS7006: Parameter 't' implicitly has an 'any' type.
lib/validators.ts(89,30): error TS2339: Property 'leases' does not exist on type 'PrismaClient<PrismaClientOptions, never, DefaultArgs>'.
lib/validators.ts(106,44): error TS2339: Property 'leases' does not exist on type 'PrismaClient<PrismaClientOptions, never, DefaultArgs>'.
lib/validators.ts(120,40): error TS2339: Property 'leases' does not exist on type 'PrismaClient<PrismaClientOptions, never, DefaultArgs>'.
lib/validators.ts(160,36): error TS2339: Property 'leases' does not exist on type 'PrismaClient<PrismaClientOptions, never, DefaultArgs>'.
lib/validators.ts(174,36): error TS2339: Property 'leases' does not exist on type 'PrismaClient<PrismaClientOptions, never, DefaultArgs>'.
scripts/migrate-deposits.ts(8,32): error TS2551: Property 'tenant' does not exist on type 'PrismaClient<PrismaClientOptions, never, DefaultArgs>'. Did you mean 'tenants'?
scripts/migrate-deposits.ts(19,20): error TS2551: Property 'securityDeposit' does not exist on type 'PrismaClient<PrismaClientOptions, never, DefaultArgs>'. Did you mean 'security_deposits'?
scripts/reset-admin.ts(11,30): error TS2551: Property 'user' does not exist on type 'PrismaClient<PrismaClientOptions, never, DefaultArgs>'. Did you mean 'users'?
